// Vitest Snapshot v1, https://vitest.dev/guide/snapshot.html

exports[`Button > renders 1`] = `[Function]`;
